// Jest Snapshot v1, https://goo.gl/fbAQLP

exports[`Framed serialized data should match snapshot 1`] = `
{
  "sampleLoss": {
    "score": "Loss",
    "serializedResult": "LIB",
  },
  "sampleWin": {
    "score": "Win",
    "serializedResult": "HIB",
  },
  "sampleWin trimmed": {
    "score": "Win",
    "serializedResult": "HIB",
  },
  "sampleWin with extra link text": {
    "score": "Win",
    "serializedResult": "HIB",
  },
}
`;
