// Jest Snapshot v1, https://goo.gl/fbAQLP

exports[`Gamedle serialized data should match snapshot 1`] = `
{
  "sampleEarlyWin": {
    "score": "Win",
    "serializedResult": "CGDA",
  },
  "sampleEarlyWin trimmed": {
    "score": "Win",
    "serializedResult": "CGDA",
  },
  "sampleEarlyWin with extra link text": {
    "score": "Win",
    "serializedResult": "CGDA",
  },
  "sampleLateWin": {
    "score": "Win",
    "serializedResult": "CGDF",
  },
  "sampleLoss": {
    "score": "Loss",
    "serializedResult": "CGDG",
  },
}
`;
