// Jest Snapshot v1, https://goo.gl/fbAQLP

exports[`Travle serialized data should match snapshot 1`] = `
{
  "sampleLoss0": {
    "score": "Loss",
    "serializedResult": "wfELAQgfJ",
  },
  "sampleLoss1": {
    "score": "Loss",
    "serializedResult": "xfELAWeZF",
  },
  "sampleNearWin": {
    "score": "NearWin",
    "serializedResult": "wfCLAZ6XF",
  },
  "sampleWin0": {
    "score": "Win",
    "serializedResult": "wfBGA__",
  },
  "sampleWin0 trimmed": {
    "score": "Win",
    "serializedResult": "wfBGA__",
  },
  "sampleWin0 with extra link text": {
    "score": "Win",
    "serializedResult": "wfBGA__",
  },
  "sampleWin1": {
    "score": "Win",
    "serializedResult": "wfDGAu7",
  },
  "sampleWin2": {
    "score": "Win",
    "serializedResult": "wfNLA3eXN",
  },
  "sampleWin3": {
    "score": "Win",
    "serializedResult": "zfDGA__",
  },
}
`;
